0 <--> 0 1 6 
1 <--> 2 0 
2 <--> 3 1 
3 <--> 4 2 
4 <--> 3 5 
5 <--> 5 6 4 
6 <--> 0 5 
0 3 3
1 2 2
2 2 2
3 2 2
4 2 2
5 3 3
6 2 2
=== adj nodes ===
2:
0:
