underlying...
 0 1 2 3 4 5 6 7 8
AlgebraLayouts:
 master: IndexLayout: 
 slave: IndexLayout: 
 vertical master: IndexLayout: 
 vertical slave: IndexLayout: 
 process communicator: ProcessCommunicator (WORLD) size = 1. involved procs: [ 0 ]

pg
(0:0) --> (0:0) (0:1) 
(0:1) --> (0:0) (0:1) (0:2) (0:8) 
(0:2) --> (0:1) (0:2) (0:3) 
(0:3) --> (0:2) (0:3) (0:4) 
(0:4) --> (0:3) (0:4) (0:5) 
(0:5) --> (0:4) (0:5) (0:6) 
(0:6) --> (0:5) (0:6) (0:7) 
(0:7) --> (0:6) (0:7) (0:8) 
(0:8) --> (0:7) (0:8) 
