0 2 2
1 4 3
2 3 3
3 3 3
4 3 3
5 3 3
6 3 3
7 0 0
8 0 1
=== out edges ===
0:0 -- 2
0:1 -- 1
=== out edges ===
1:0 -- 1
1:1 -- 2
1:2 -- 1
1:6 -- -1
=== out edges ===
2:1 -- 1
2:2 -- 2
2:3 -- 1
=== out edges ===
3:2 -- 1
3:3 -- 2
3:4 -- 1
=== out edges ===
4:3 -- 1
4:4 -- 2
4:5 -- 1
=== out edges ===
5:4 -- 1
5:5 -- 2
5:6 -- 1
=== out edges ===
6:5 -- 1
6:6 -- 2
6:8 -- -1
=== out edges ===
=== out edges ===
=== in edges ===
0:0 -- 2
1:0 -- 1
=== in edges ===
0:1 -- 1
1:1 -- 2
2:1 -- 1
=== in edges ===
1:2 -- 1
2:2 -- 2
3:2 -- 1
=== in edges ===
2:3 -- 1
3:3 -- 2
4:3 -- 1
=== in edges ===
3:4 -- 1
4:4 -- 2
5:4 -- 1
=== in edges ===
4:5 -- 1
5:5 -- 2
6:5 -- 1
=== in edges ===
1:6 -- -1
5:6 -- 1
6:6 -- 2
=== in edges ===
=== in edges ===
6:8 -- -1
pg 9
0 --> 0 1 
1 --> 0 1 2 6 
2 --> 1 2 3 
3 --> 2 3 4 
4 --> 3 4 5 
5 --> 4 5 6 
6 --> 5 6 8 
7 --> 
8 --> 
