rank: 0 AlgebraLayouts:
 master: IndexLayout: 
 slave: IndexLayout: 
 vertical master: IndexLayout: 
 vertical slave: IndexLayout: 
 process communicator: ProcessCommunicator (WORLD) size = 1. involved procs: [ 0 ]

pg
0 --> 1 
1 --> 
2 --> 
3 --> 
0 deg: 1
1 deg: 0
2 deg: 0
3 deg: 0
