== test0 ==
0 <--> 0 1 2 3 
1 <--> 0 
2 <--> 0 
3 <--> 0 
vertex 0 deg: 4
vertex 1 deg: 1
vertex 2 deg: 1
vertex 3 deg: 1
=== adj nodes ===
0:
1:
2:
3:
=== adj nodes ===
0:
=== out edges ===
1:0
== test1 ==
0 <--> 0 2 1 
1 <--> 0 
2 <--> 3 0 
3 <--> 2 
0 3 3
1 1 1
2 2 2
3 1 1
=== adj nodes 2 ===
 3
 0
=== out edges 2 ===
2:3
2:0
== test2 ==
 0
== test3 ==
 3 2 0 1
== test4 ==
