 0 1 2
edges
1:0 -- 1
1:1 -- 2
1:2 -- 1
pg
0 --> 0 1 6 
1 --> 0 1 2 
2 --> 1 2 3 
3 --> 2 3 4 
4 --> 3 4 5 
5 --> 4 5 6 
6 --> 5 6 
0 3
1 3
2 3
3 3
4 3
5 3
6 2
