== test0
SparseMatrix  [ 2 x 2 ]
====
SparseMatrix  [ 2 x 2 ] nnz 3 time 5e-06
SparseMatrix  [ 2 x 2 ] nnz 3 time 3e-06
== test0 10000 10000
SparseMatrix  [ 10000 x 10000 ]
====
SparseMatrix  [ 10000 x 10000 ] nnz 29999 time 0.006998
SparseMatrix  [ 10000 x 10000 ] nnz 29997 time 0.004948
== test1
SparseMatrix  [ 7 x 10 ]
====
SparseMatrix  [ 10 x 7 ] nnz 20 time 8e-06
SparseMatrix  [ 10 x 7 ] nnz 18 time 6e-06
== test2
SparseMatrix  [ 10 x 7 ]
====
SparseMatrix  [ 7 x 10 ] nnz 20 time 9e-06
SparseMatrix  [ 7 x 10 ] nnz 18 time 5e-06
== test3
SparseMatrix  [ 10 x 10 ]
====
SparseMatrix  [ 10 x 10 ] nnz 99 time 1.4e-05
SparseMatrix  [ 10 x 10 ] nnz 100 time 5.3e-05
== test3 300
SparseMatrix  [ 300 x 300 ]
====
SparseMatrix  [ 300 x 300 ] nnz 89999 time 0.010366
SparseMatrix  [ 300 x 300 ] nnz 90000 time 0.755021
